{
  "board_source": "REV_E_METADATA_ONLY_EQUIVALENCE_AND_POSES_VERIFIED",
  "mirror_guard": "PASS_DIRECT_MAPPING_REJECTED",
  "j1_courtyard_dim_bounds_mm": {
    "x": [
      2.17,
      9.83
    ],
    "y": [
      24.700000000000003,
      35.8
    ]
  },
  "j2_courtyard_dim_bounds_mm": {
    "x": [
      76.83,
      90.5
    ],
    "y": [
      0.9200000000000017,
      24.08
    ]
  },
  "step_sha256": "45920e1d17f9079933c7955e6fef82f0489efc00076bbe95269f07806b43b13f",
  "step_geometry": "HASH_VERIFIED"
}
PCB-PWR EVT placement-candidate independent audit PASS
62 electrical footprints + H1-H4; exact schematic nets; 90x60 four-layer canvas; accepted 3V8 output bulk 010 successor
DIM-003 Rev B candidate verified against ECO-006 board geometry; independent mechanical acceptance and manufacturing release remain blocked
